iks01a3_env_sensors_ex.c:60:9:IKS01A3_ENV_SENSOR_Get_DRDY_Status	32	static
iks01a3_env_sensors_ex.c:308:9:IKS01A3_ENV_SENSOR_Read_Register	32	static
iks01a3_env_sensors_ex.c:434:9:IKS01A3_ENV_SENSOR_Write_Register	24	static
iks01a3_env_sensors_ex.c:558:9:IKS01A3_ENV_SENSOR_Set_High_Temperature_Threshold	24	static
iks01a3_env_sensors_ex.c:591:9:IKS01A3_ENV_SENSOR_Set_Low_Temperature_Threshold	24	static
iks01a3_env_sensors_ex.c:626:9:IKS01A3_ENV_SENSOR_Get_Temperature_Limit_Status	32	static
iks01a3_env_sensors_ex.c:659:9:IKS01A3_ENV_SENSOR_Set_Event_Pin	24	static
iks01a3_env_sensors_ex.c:693:9:IKS01A3_ENV_SENSOR_FIFO_Get_Data	32	static
iks01a3_env_sensors_ex.c:752:9:IKS01A3_ENV_SENSOR_FIFO_Get_Fth_Status	24	static
iks01a3_env_sensors_ex.c:811:9:IKS01A3_ENV_SENSOR_FIFO_Get_Full_Status	24	static
iks01a3_env_sensors_ex.c:870:9:IKS01A3_ENV_SENSOR_FIFO_Get_Num_Samples	24	static
iks01a3_env_sensors_ex.c:929:9:IKS01A3_ENV_SENSOR_FIFO_Get_Ovr_Status	24	static
iks01a3_env_sensors_ex.c:988:9:IKS01A3_ENV_SENSOR_FIFO_Reset_Interrupt	24	static
iks01a3_env_sensors_ex.c:1047:9:IKS01A3_ENV_SENSOR_FIFO_Set_Interrupt	24	static
iks01a3_env_sensors_ex.c:1106:9:IKS01A3_ENV_SENSOR_FIFO_Set_Mode	24	static
iks01a3_env_sensors_ex.c:1165:9:IKS01A3_ENV_SENSOR_FIFO_Set_Watermark_Level	24	static
iks01a3_env_sensors_ex.c:1224:9:IKS01A3_ENV_SENSOR_FIFO_Stop_On_Watermark	24	static
iks01a3_env_sensors_ex.c:1282:9:IKS01A3_ENV_SENSOR_Set_One_Shot	24	static
iks01a3_env_sensors_ex.c:1380:9:IKS01A3_ENV_SENSOR_Get_One_Shot_Status	24	static
