main.c:181:6:HAL_RTC_AlarmAEventCallback	16	static
main.c:191:5:main	8	static
main.c:317:6:SystemClock_Config	232	static
main.c:397:13:MX_ADC1_Init	48	static
main.c:461:13:MX_ADC2_Init	32	static
main.c:517:13:MX_RTC_Init	80	static
main.c:598:13:MX_TIM2_Init	48	static
main.c:651:13:MX_TIM3_Init	48	static
main.c:700:13:MX_TIM4_Init	48	static
main.c:753:13:MX_TIM7_Init	24	static
main.c:791:13:MX_USART2_UART_Init	8	static
main.c:824:13:MX_DMA_Init	16	static
main.c:852:13:MX_GPIO_Init	48	static
main.c:911:6:UART_Write	16	static
main.c:915:6:ColumnNamesInit	8	static
main.c:920:6:RTC_Process	32	static
main.c:933:6:GNSS_Process	32	static
main.c:978:6:writeToUsbTask	24	static
main.c:1049:6:moveRobotArms	16	static
main.c:1093:6:moveRobotWheels	16	static
main.c:1199:6:moveRobotRockets	16	static
main.c:1230:6:moveRobotHips	16	static
main.c:1262:6:StartDefaultTask	16	static
main.c:1280:6:HAL_TIM_PeriodElapsedCallback	16	static
main.c:1325:6:Error_Handler	4	static,ignoring_inline_asm
