stm32l4xx_it.c:78:6:NMI_Handler	4	static
stm32l4xx_it.c:93:6:HardFault_Handler	8	static
stm32l4xx_it.c:109:6:MemManage_Handler	4	static
stm32l4xx_it.c:124:6:BusFault_Handler	4	static
stm32l4xx_it.c:139:6:UsageFault_Handler	4	static
stm32l4xx_it.c:154:6:DebugMon_Handler	4	static
stm32l4xx_it.c:174:6:DMA1_Channel1_IRQHandler	8	static
stm32l4xx_it.c:188:6:DMA1_Channel2_IRQHandler	8	static
stm32l4xx_it.c:202:6:DMA1_Channel4_IRQHandler	8	static
stm32l4xx_it.c:216:6:RTC_Alarm_IRQHandler	8	static
stm32l4xx_it.c:230:6:TIM6_DAC_IRQHandler	8	static
stm32l4xx_it.c:244:6:TIM7_IRQHandler	8	static
stm32l4xx_it.c:258:6:DMA2_Channel3_IRQHandler	8	static
stm32l4xx_it.c:272:6:OTG_FS_IRQHandler	8	static
